<html>
<body>
<pre>
<h1>µVision Build Log</h1>
<h2>Tool Versions:</h2>
IDE-Version: µVision V5.38.0.0
Copyright (C) 2022 ARM Ltd and ARM Germany GmbH. All rights reserved.
License Information: Ali Mohamed, ggggggg, LIC=----
 
Tool Versions:
Toolchain:       MDK-Lite  Version: 5.38.0.0
Toolchain Path:  E:\Kiel\ARM\ARMCLANG\Bin
C Compiler:      ArmClang.exe V6.19
Assembler:       Armasm.exe V6.19
Linker/Locator:  ArmLink.exe V6.19
Library Manager: ArmAr.exe V6.19
Hex Converter:   FromElf.exe V6.19
CPU DLL:         SARMCM3.DLL V5.38.0.0
Dialog DLL:      DCM.DLL V1.17.5.0
Target DLL:      STLink\ST-LINKIII-KEIL_SWO.dll V3.1.0.0
Dialog DLL:      TCM.DLL V1.56.4.0
 
<h2>Project:</h2>
C:\Users\Ali\Desktop\Vitatari\Phase Two\Phase_Two.uvprojx
Project File Date:  12/28/2023

<h2>Output:</h2>
*** Using Compiler 'V6.19', folder: 'E:\Kiel\ARM\ARMCLANG\Bin'
Rebuild target 'Target 1'
assembling DEFINITIONS.s...
assembling startup_stm32f10x_md.s...
RTE/Device/STM32F103C8/system_stm32f10x.c(64): warning: In file included from...
C:/Users/Ali/AppData/Local/Arm/Packs/Keil/STM32F1xx_DFP/2.4.1/Device/Include\stm32f10x.h(18): warning: invalid UTF-8 in comment [-Winvalid-utf8]
  *              - To use or not the peripheral<92>s drivers in application code(i.e. 
                                               ^
C:/Users/Ali/AppData/Local/Arm/Packs/Keil/STM32F1xx_DFP/2.4.1/Device/Include\stm32f10x.h(19): warning: invalid UTF-8 in comment [-Winvalid-utf8]
  *                code will be based on direct access to peripheral<92>s registers 
                                                                    ^
C:/Users/Ali/AppData/Local/Arm/Packs/Keil/STM32F1xx_DFP/2.4.1/Device/Include\stm32f10x.h(26): warning: invalid UTF-8 in comment [-Winvalid-utf8]
  *           - Macros to access peripheral<92>s registers hardware
                                           ^
RTE/Device/STM32F103C8/system_stm32f10x.c(166): warning: no previous extern declaration for non-static variable 'AHBPrescTable' [-Wmissing-variable-declarations]
__I uint8_t AHBPrescTable[16] = {0, 0, 0, 0, 0, 0, 0, 0, 1, 2, 3, 4, 6, 7, 8, 9};
            ^
RTE/Device/STM32F103C8/system_stm32f10x.c(166): note: declare 'static' if the variable is not intended to be used outside of this translation unit
__I uint8_t AHBPrescTable[16] = {0, 0, 0, 0, 0, 0, 0, 0, 1, 2, 3, 4, 6, 7, 8, 9};
    ^
4 warnings generated.
compiling system_stm32f10x.c...
assembling Breakout.s...
"SpaceInvaders.s", line 121: Warning: A1488W: PROC/FUNC at line 97 in 'SpaceInvaders.s' without matching ENDP/ENDFUNC
    included by GET/INCLUDE directive from "Welcome.s", line 1
  121 00000108 DRAW_S_BULLET FUNCTION
"SpaceInvaders.s", line 314: Warning: A1488W: PROC/FUNC at line 285 in 'SpaceInvaders.s' without matching ENDP/ENDFUNC
    included by GET/INCLUDE directive from "Welcome.s", line 1
  314 00000318 DEL_GREEN_GOBLIN FUNCTION
"SpaceInvaders.s", line 563: Warning: A1464W: ENDP/ENDFUNC without corresponding PROC/FUNC
    included by GET/INCLUDE directive from "Welcome.s", line 1
  563 000004d2  ENDFUNC
"SpaceInvaders.s", line 594: Warning: A1464W: ENDP/ENDFUNC without corresponding PROC/FUNC
    included by GET/INCLUDE directive from "Welcome.s", line 1
  594 000004f8  ENDFUNC
"SpaceInvaders.s", line 95: Warning: A1581W: Added 2 bytes of padding at address 0xba
    included by GET/INCLUDE directive from "Welcome.s", line 1
   95 000000bc  LTORG
"SpaceInvaders.s", line 419: Warning: A1581W: Added 2 bytes of padding at address 0x42e
    included by GET/INCLUDE directive from "Welcome.s", line 1
  419 00000430  LTORG
"Welcome.s", line 2: Warning: A1581W: Added 2 bytes of padding at address 0x63a
    2 0000063c  AREA WELCOME_CODE, CODE, READONLY
"Welcome.s", line 137: Warning: A1581W: Added 2 bytes of padding at address 0xc2
  137 000000c4  END
0 Errors, 8 Warnings
assembling Welcome.s...
assembling TFT_Lib.s...
"SpaceInvaders.s", line 121: Warning: A1488W: PROC/FUNC at line 97 in 'SpaceInvaders.s' without matching ENDP/ENDFUNC
  121 00000108 DRAW_S_BULLET FUNCTION
"SpaceInvaders.s", line 314: Warning: A1488W: PROC/FUNC at line 285 in 'SpaceInvaders.s' without matching ENDP/ENDFUNC
  314 00000318 DEL_GREEN_GOBLIN FUNCTION
"SpaceInvaders.s", line 563: Warning: A1464W: ENDP/ENDFUNC without corresponding PROC/FUNC
  563 000004d2  ENDFUNC
"SpaceInvaders.s", line 594: Warning: A1464W: ENDP/ENDFUNC without corresponding PROC/FUNC
  594 000004f8  ENDFUNC
"SpaceInvaders.s", line 95: Warning: A1581W: Added 2 bytes of padding at address 0xba
   95 000000bc  LTORG
"SpaceInvaders.s", line 419: Warning: A1581W: Added 2 bytes of padding at address 0x42e
  419 00000430  LTORG
"SpaceInvaders.s", line 738: Warning: A1581W: Added 2 bytes of padding at address 0x63a
  738 0000063c  END
0 Errors, 7 Warnings
assembling SpaceInvaders.s...
linking...
Program Size: Code=2988 RO-data=236 RW-data=92 ZI-data=1536  
FromELF: creating hex file...
".\Objects\Phase_Two.axf" - 0 Error(s), 4 Warning(s).

<h2>Software Packages used:</h2>

Package Vendor: ARM
                http://www.keil.com/pack/ARM.CMSIS.5.9.0.pack
                ARM.CMSIS.5.9.0
                CMSIS (Common Microcontroller Software Interface Standard)
   * Component: CORE Version: 5.6.0

Package Vendor: Keil
                https://www.keil.com/pack/Keil.STM32F1xx_DFP.2.4.1.pack
                Keil.STM32F1xx_DFP.2.4.1
                STMicroelectronics STM32F1 Series Device Support, Drivers and Examples
   * Component: Startup Version: 1.0.0

<h2>Collection of Component include folders:</h2>
  ./RTE/Device/STM32F103C8
  ./RTE/_Target_1
  C:/Users/Ali/AppData/Local/Arm/Packs/ARM/CMSIS/5.9.0/CMSIS/Core/Include
  C:/Users/Ali/AppData/Local/Arm/Packs/Keil/STM32F1xx_DFP/2.4.1/Device/Include

<h2>Collection of Component Files used:</h2>

   * Component: ARM::CMSIS:CORE:5.6.0

   * Component: Keil::Device:Startup:1.0.0
      Source file:   Device/Source/ARM/startup_stm32f10x_md.s
      Source file:   Device/Source/ARM/STM32F1xx_OPT.s
      Include file:  RTE_Driver/Config/RTE_Device.h
      Source file:   Device/Source/system_stm32f10x.c
Build Time Elapsed:  00:00:00
</pre>
</body>
</html>
