Component: Arm Compiler for Embedded 6.19 Tool: armlink [5e73cb00]

==============================================================================

Section Cross References

    welcome.o(BREAKOUT_CODE) refers to welcome.o(TFTCODE) for delay_quarter_second
    welcome.o(BREAKOUT_CODE) refers to welcome.o(DEFINTIONS_DATA) for SPRITE_Y
    welcome.o(SPACE_INVADERS) refers to welcome.o(TFTCODE) for DRAW_RECTANGLE_FILLED
    welcome.o(SPACE_INVADERS) refers to welcome.o(DEFINTIONS_DATA) for SPACE_X
    welcome.o(WELCOME_CODE) refers to welcome.o(TFTCODE) for DRAW_RECTANGLE_FILLED
    welcome.o(WELCOME_CODE) refers to welcome.o(SPACE_INVADERS) for main_Space
    breakout.o(BREAKOUT_CODE) refers to breakout.o(TFTCODE) for delay_quarter_second
    breakout.o(BREAKOUT_CODE) refers to breakout.o(DEFINTIONS_DATA) for SPRITE_Y
    spaceinvaders.o(BREAKOUT_CODE) refers to spaceinvaders.o(TFTCODE) for delay_quarter_second
    spaceinvaders.o(BREAKOUT_CODE) refers to spaceinvaders.o(DEFINTIONS_DATA) for SPRITE_Y
    spaceinvaders.o(SPACE_INVADERS) refers to spaceinvaders.o(TFTCODE) for DRAW_RECTANGLE_FILLED
    spaceinvaders.o(SPACE_INVADERS) refers to spaceinvaders.o(DEFINTIONS_DATA) for SPACE_X
    startup_stm32f10x_md.o(STACK) refers (Special) to heapauxi.o(.text) for __use_two_region_memory
    startup_stm32f10x_md.o(HEAP) refers (Special) to heapauxi.o(.text) for __use_two_region_memory
    startup_stm32f10x_md.o(RESET) refers (Special) to heapauxi.o(.text) for __use_two_region_memory
    startup_stm32f10x_md.o(RESET) refers to startup_stm32f10x_md.o(STACK) for __initial_sp
    startup_stm32f10x_md.o(RESET) refers to startup_stm32f10x_md.o(.text) for Reset_Handler
    startup_stm32f10x_md.o(.text) refers (Special) to heapauxi.o(.text) for __use_two_region_memory
    startup_stm32f10x_md.o(.text) refers to system_stm32f10x.o(.text.SystemInit) for SystemInit
    startup_stm32f10x_md.o(.text) refers to welcome.o(WELCOME_CODE) for __main
    startup_stm32f10x_md.o(.text) refers to startup_stm32f10x_md.o(HEAP) for Heap_Mem
    startup_stm32f10x_md.o(.text) refers to startup_stm32f10x_md.o(STACK) for Stack_Mem
    system_stm32f10x.o(.text.SystemInit) refers to system_stm32f10x.o(.text.SetSysClock) for SetSysClock
    system_stm32f10x.o(.ARM.exidx.text.SystemInit) refers to system_stm32f10x.o(.text.SystemInit) for [Anonymous Symbol]
    system_stm32f10x.o(.text.SetSysClock) refers to system_stm32f10x.o(.text.SetSysClockTo72) for SetSysClockTo72
    system_stm32f10x.o(.ARM.exidx.text.SetSysClock) refers to system_stm32f10x.o(.text.SetSysClock) for [Anonymous Symbol]
    system_stm32f10x.o(.text.SystemCoreClockUpdate) refers to system_stm32f10x.o(.data.SystemCoreClock) for SystemCoreClock
    system_stm32f10x.o(.text.SystemCoreClockUpdate) refers to system_stm32f10x.o(.rodata.AHBPrescTable) for AHBPrescTable
    system_stm32f10x.o(.ARM.exidx.text.SystemCoreClockUpdate) refers to system_stm32f10x.o(.text.SystemCoreClockUpdate) for [Anonymous Symbol]
    system_stm32f10x.o(.ARM.exidx.text.SetSysClockTo72) refers to system_stm32f10x.o(.text.SetSysClockTo72) for [Anonymous Symbol]


==============================================================================

Removing Unused input sections from the image.

    Removing welcome.o(BREAKOUT_CODE), (556 bytes).
    Removing breakout.o(DEFINTIONS_DATA), (20 bytes).
    Removing breakout.o(TFTCODE), (660 bytes).
    Removing breakout.o(BREAKOUT_CODE), (556 bytes).
    Removing tft_lib.o(DEFINTIONS_DATA), (20 bytes).
    Removing tft_lib.o(TFTCODE), (660 bytes).
    Removing definitions.o(DEFINTIONS_DATA), (20 bytes).
    Removing spaceinvaders.o(DEFINTIONS_DATA), (20 bytes).
    Removing spaceinvaders.o(TFTCODE), (660 bytes).
    Removing spaceinvaders.o(BREAKOUT_CODE), (556 bytes).
    Removing spaceinvaders.o(SPACE_INVADERS), (1516 bytes).
    Removing system_stm32f10x.o(.text), (0 bytes).
    Removing system_stm32f10x.o(.ARM.exidx.text.SystemInit), (8 bytes).
    Removing system_stm32f10x.o(.ARM.exidx.text.SetSysClock), (8 bytes).
    Removing system_stm32f10x.o(.text.SystemCoreClockUpdate), (290 bytes).
    Removing system_stm32f10x.o(.ARM.exidx.text.SystemCoreClockUpdate), (8 bytes).
    Removing system_stm32f10x.o(.ARM.exidx.text.SetSysClockTo72), (8 bytes).
    Removing system_stm32f10x.o(.data.SystemCoreClock), (4 bytes).
    Removing system_stm32f10x.o(.rodata.AHBPrescTable), (16 bytes).

19 unused section(s) (total 5586 bytes) removed from the image.

==============================================================================

Image Symbol Table

    Local Symbols

    Symbol Name                              Value     Ov Type        Size  Object(Section)

    ../clib/heapaux.c                        0x00000000   Number         0  heapauxi.o ABSOLUTE
    Breakout.s                               0x00000000   Number         0  breakout.o ABSOLUTE
    DEFINITIONS.s                            0x00000000   Number         0  definitions.o ABSOLUTE
    RTE/Device/STM32F103C8/startup_stm32f10x_md.s 0x00000000   Number         0  startup_stm32f10x_md.o ABSOLUTE
    SpaceInvaders.s                          0x00000000   Number         0  spaceinvaders.o ABSOLUTE
    TFT_Lib.s                                0x00000000   Number         0  tft_lib.o ABSOLUTE
    Welcome.s                                0x00000000   Number         0  welcome.o ABSOLUTE
    dc.s                                     0x00000000   Number         0  dc.o ABSOLUTE
    system_stm32f10x.c                       0x00000000   Number         0  system_stm32f10x.o ABSOLUTE
    RESET                                    0x08000000   Section      236  startup_stm32f10x_md.o(RESET)
    .text                                    0x080000ec   Section       64  startup_stm32f10x_md.o(.text)
    .text                                    0x0800012c   Section        0  heapauxi.o(.text)
    SetSysClock                              0x08000135   Thumb Code     8  system_stm32f10x.o(.text.SetSysClock)
    [Anonymous Symbol]                       0x08000134   Section        0  system_stm32f10x.o(.text.SetSysClock)
    SetSysClockTo72                          0x0800013d   Thumb Code   290  system_stm32f10x.o(.text.SetSysClockTo72)
    [Anonymous Symbol]                       0x0800013c   Section        0  system_stm32f10x.o(.text.SetSysClockTo72)
    [Anonymous Symbol]                       0x08000260   Section        0  system_stm32f10x.o(.text.SystemInit)
    main_Space                               0x080002c9   Thumb Code   158  welcome.o(SPACE_INVADERS)
    SPACE_INVADERS                           0x080002c8   Section     1516  welcome.o(SPACE_INVADERS)
    DRAW_G_BULLET                            0x08000367   Thumb Code    60  welcome.o(SPACE_INVADERS)
    DRAW_S_BULLET                            0x080003a3   Thumb Code    68  welcome.o(SPACE_INVADERS)
    DRAW_SPACESHIP                           0x080003e7   Thumb Code   392  welcome.o(SPACE_INVADERS)
    DRAW_LEGION                              0x0800056f   Thumb Code    44  welcome.o(SPACE_INVADERS)
    DRAW_GREEN_GOBLIN                        0x080005b7   Thumb Code   248  welcome.o(SPACE_INVADERS)
    INITIALIZE_VARIABLES_space               0x080006c1   Thumb Code    46  welcome.o(SPACE_INVADERS)
    COVER_SPRITE                             0x080006ef   Thumb Code    36  welcome.o(SPACE_INVADERS)
    MOVE_SPACE_RIGHT                         0x08000713   Thumb Code    40  welcome.o(SPACE_INVADERS)
    MOVE_SPACE_LEFT                          0x0800073f   Thumb Code    34  welcome.o(SPACE_INVADERS)
    SHOOT_SBULLET                            0x08000765   Thumb Code   148  welcome.o(SPACE_INVADERS)
    MOVE_BULLET_UP                           0x080007f9   Thumb Code   174  welcome.o(SPACE_INVADERS)
    DRAW_RECTANGLE_FILLED                    0x080008b5   Thumb Code    70  welcome.o(TFTCODE)
    TFTCODE                                  0x080008b4   Section      660  welcome.o(TFTCODE)
    LCD_WRITE                                0x080008fb   Thumb Code    44  welcome.o(TFTCODE)
    LCD_COMMAND_WRITE                        0x08000927   Thumb Code    44  welcome.o(TFTCODE)
    LCD_DATA_WRITE                           0x08000953   Thumb Code    36  welcome.o(TFTCODE)
    LCD_INIT                                 0x08000981   Thumb Code   222  welcome.o(TFTCODE)
    ADDRESS_SET                              0x08000a5f   Thumb Code    92  welcome.o(TFTCODE)
    delay_1_second                           0x08000aff   Thumb Code    16  welcome.o(TFTCODE)
    delay_quarter_second                     0x08000b1f   Thumb Code    16  welcome.o(TFTCODE)
    WELCOME_CODE                             0x08000b48   Section      228  welcome.o(WELCOME_CODE)
    SETUP                                    0x08000b89   Thumb Code    26  welcome.o(WELCOME_CODE)
    PORTA_CONF                               0x08000ba3   Thumb Code   104  welcome.o(WELCOME_CODE)
    SPRITE_X                                 0x20000000   Data           2  welcome.o(DEFINTIONS_DATA)
    DEFINTIONS_DATA                          0x20000000   Section       20  welcome.o(DEFINTIONS_DATA)
    SPRITE_Y                                 0x20000002   Data           2  welcome.o(DEFINTIONS_DATA)
    SPACE_X                                  0x20000004   Data           2  welcome.o(DEFINTIONS_DATA)
    SPACE_Y                                  0x20000006   Data           2  welcome.o(DEFINTIONS_DATA)
    BULLET_MEMORY_X                          0x20000008   Data           6  welcome.o(DEFINTIONS_DATA)
    Heap_Mem                                 0x20000018   Data         512  startup_stm32f10x_md.o(HEAP)
    HEAP                                     0x20000018   Section      512  startup_stm32f10x_md.o(HEAP)
    Stack_Mem                                0x20000218   Data        1024  startup_stm32f10x_md.o(STACK)
    STACK                                    0x20000218   Section     1024  startup_stm32f10x_md.o(STACK)
    __initial_sp                             0x20000618   Data           0  startup_stm32f10x_md.o(STACK)

    Global Symbols

    Symbol Name                              Value     Ov Type        Size  Object(Section)

    BuildAttributes$$THM_ISAv4$P$D$K$B$S$PE$A:L22UL41UL21$X:L11$S22US41US21$IEEE1$IW$~IW$USESV6$~STKCKD$USESV7$~SHL$OSPACE$ROPI$EBA8$STANDARDLIB$REQ8$EABIv2 0x00000000   Number         0  anon$$obj.o ABSOLUTE
    __Vectors_Size                           0x000000ec   Number         0  startup_stm32f10x_md.o ABSOLUTE
    __Vectors                                0x08000000   Data           4  startup_stm32f10x_md.o(RESET)
    Reset_Handler                            0x080000ed   Thumb Code     8  startup_stm32f10x_md.o(.text)
    __Vectors_End                            0x080000ec   Data           0  startup_stm32f10x_md.o(RESET)
    NMI_Handler                              0x080000f5   Thumb Code     2  startup_stm32f10x_md.o(.text)
    HardFault_Handler                        0x080000f7   Thumb Code     2  startup_stm32f10x_md.o(.text)
    MemManage_Handler                        0x080000f9   Thumb Code     2  startup_stm32f10x_md.o(.text)
    BusFault_Handler                         0x080000fb   Thumb Code     2  startup_stm32f10x_md.o(.text)
    UsageFault_Handler                       0x080000fd   Thumb Code     2  startup_stm32f10x_md.o(.text)
    SVC_Handler                              0x080000ff   Thumb Code     2  startup_stm32f10x_md.o(.text)
    DebugMon_Handler                         0x08000101   Thumb Code     2  startup_stm32f10x_md.o(.text)
    PendSV_Handler                           0x08000103   Thumb Code     2  startup_stm32f10x_md.o(.text)
    SysTick_Handler                          0x08000105   Thumb Code     2  startup_stm32f10x_md.o(.text)
    ADC1_2_IRQHandler                        0x08000107   Thumb Code     0  startup_stm32f10x_md.o(.text)
    CAN1_RX1_IRQHandler                      0x08000107   Thumb Code     0  startup_stm32f10x_md.o(.text)
    CAN1_SCE_IRQHandler                      0x08000107   Thumb Code     0  startup_stm32f10x_md.o(.text)
    DMA1_Channel1_IRQHandler                 0x08000107   Thumb Code     0  startup_stm32f10x_md.o(.text)
    DMA1_Channel2_IRQHandler                 0x08000107   Thumb Code     0  startup_stm32f10x_md.o(.text)
    DMA1_Channel3_IRQHandler                 0x08000107   Thumb Code     0  startup_stm32f10x_md.o(.text)
    DMA1_Channel4_IRQHandler                 0x08000107   Thumb Code     0  startup_stm32f10x_md.o(.text)
    DMA1_Channel5_IRQHandler                 0x08000107   Thumb Code     0  startup_stm32f10x_md.o(.text)
    DMA1_Channel6_IRQHandler                 0x08000107   Thumb Code     0  startup_stm32f10x_md.o(.text)
    DMA1_Channel7_IRQHandler                 0x08000107   Thumb Code     0  startup_stm32f10x_md.o(.text)
    EXTI0_IRQHandler                         0x08000107   Thumb Code     0  startup_stm32f10x_md.o(.text)
    EXTI15_10_IRQHandler                     0x08000107   Thumb Code     0  startup_stm32f10x_md.o(.text)
    EXTI1_IRQHandler                         0x08000107   Thumb Code     0  startup_stm32f10x_md.o(.text)
    EXTI2_IRQHandler                         0x08000107   Thumb Code     0  startup_stm32f10x_md.o(.text)
    EXTI3_IRQHandler                         0x08000107   Thumb Code     0  startup_stm32f10x_md.o(.text)
    EXTI4_IRQHandler                         0x08000107   Thumb Code     0  startup_stm32f10x_md.o(.text)
    EXTI9_5_IRQHandler                       0x08000107   Thumb Code     0  startup_stm32f10x_md.o(.text)
    FLASH_IRQHandler                         0x08000107   Thumb Code     0  startup_stm32f10x_md.o(.text)
    I2C1_ER_IRQHandler                       0x08000107   Thumb Code     0  startup_stm32f10x_md.o(.text)
    I2C1_EV_IRQHandler                       0x08000107   Thumb Code     0  startup_stm32f10x_md.o(.text)
    I2C2_ER_IRQHandler                       0x08000107   Thumb Code     0  startup_stm32f10x_md.o(.text)
    I2C2_EV_IRQHandler                       0x08000107   Thumb Code     0  startup_stm32f10x_md.o(.text)
    PVD_IRQHandler                           0x08000107   Thumb Code     0  startup_stm32f10x_md.o(.text)
    RCC_IRQHandler                           0x08000107   Thumb Code     0  startup_stm32f10x_md.o(.text)
    RTCAlarm_IRQHandler                      0x08000107   Thumb Code     0  startup_stm32f10x_md.o(.text)
    RTC_IRQHandler                           0x08000107   Thumb Code     0  startup_stm32f10x_md.o(.text)
    SPI1_IRQHandler                          0x08000107   Thumb Code     0  startup_stm32f10x_md.o(.text)
    SPI2_IRQHandler                          0x08000107   Thumb Code     0  startup_stm32f10x_md.o(.text)
    TAMPER_IRQHandler                        0x08000107   Thumb Code     0  startup_stm32f10x_md.o(.text)
    TIM1_BRK_IRQHandler                      0x08000107   Thumb Code     0  startup_stm32f10x_md.o(.text)
    TIM1_CC_IRQHandler                       0x08000107   Thumb Code     0  startup_stm32f10x_md.o(.text)
    TIM1_TRG_COM_IRQHandler                  0x08000107   Thumb Code     0  startup_stm32f10x_md.o(.text)
    TIM1_UP_IRQHandler                       0x08000107   Thumb Code     0  startup_stm32f10x_md.o(.text)
    TIM2_IRQHandler                          0x08000107   Thumb Code     0  startup_stm32f10x_md.o(.text)
    TIM3_IRQHandler                          0x08000107   Thumb Code     0  startup_stm32f10x_md.o(.text)
    TIM4_IRQHandler                          0x08000107   Thumb Code     0  startup_stm32f10x_md.o(.text)
    USART1_IRQHandler                        0x08000107   Thumb Code     0  startup_stm32f10x_md.o(.text)
    USART2_IRQHandler                        0x08000107   Thumb Code     0  startup_stm32f10x_md.o(.text)
    USART3_IRQHandler                        0x08000107   Thumb Code     0  startup_stm32f10x_md.o(.text)
    USBWakeUp_IRQHandler                     0x08000107   Thumb Code     0  startup_stm32f10x_md.o(.text)
    USB_HP_CAN1_TX_IRQHandler                0x08000107   Thumb Code     0  startup_stm32f10x_md.o(.text)
    USB_LP_CAN1_RX0_IRQHandler               0x08000107   Thumb Code     0  startup_stm32f10x_md.o(.text)
    WWDG_IRQHandler                          0x08000107   Thumb Code     0  startup_stm32f10x_md.o(.text)
    __user_initial_stackheap                 0x08000109   Thumb Code     0  startup_stm32f10x_md.o(.text)
    __use_two_region_memory                  0x0800012d   Thumb Code     2  heapauxi.o(.text)
    __rt_heap_escrow$2region                 0x0800012f   Thumb Code     2  heapauxi.o(.text)
    __rt_heap_expand$2region                 0x08000131   Thumb Code     2  heapauxi.o(.text)
    SystemInit                               0x08000261   Thumb Code   102  system_stm32f10x.o(.text.SystemInit)
    __main                                   0x08000b49   Thumb Code    64  welcome.o(WELCOME_CODE)



==============================================================================

Memory Map of the image

  Image Entry point : 0x080000ed

  Load Region LR_1 (Base: 0x08000000, Size: 0x00000c40, Max: 0xffffffff, ABSOLUTE)

    Execution Region ER_RO (Exec base: 0x08000000, Load base: 0x08000000, Size: 0x00000c2c, Max: 0xffffffff, ABSOLUTE)

    Exec Addr    Load Addr    Size         Type   Attr      Idx    E Section Name        Object

    0x08000000   0x08000000   0x000000ec   Data   RO           50    RESET               startup_stm32f10x_md.o
    0x080000ec   0x080000ec   0x00000040   Code   RO           51  * .text               startup_stm32f10x_md.o
    0x0800012c   0x0800012c   0x00000006   Code   RO           74    .text               c_w.l(heapauxi.o)
    0x08000132   0x08000132   0x00000002   PAD
    0x08000134   0x08000134   0x00000008   Code   RO           58    .text.SetSysClock   system_stm32f10x.o
    0x0800013c   0x0800013c   0x00000122   Code   RO           62    .text.SetSysClockTo72  system_stm32f10x.o
    0x0800025e   0x0800025e   0x00000002   PAD
    0x08000260   0x08000260   0x00000066   Code   RO           56    .text.SystemInit    system_stm32f10x.o
    0x080002c6   0x080002c6   0x00000002   PAD
    0x080002c8   0x080002c8   0x000005ec   Code   RO            4    SPACE_INVADERS      welcome.o
    0x080008b4   0x080008b4   0x00000294   Code   RO            2    TFTCODE             welcome.o
    0x08000b48   0x08000b48   0x000000e4   Code   RO            5  * WELCOME_CODE        welcome.o


    Execution Region ER_RW (Exec base: 0x20000000, Load base: 0x08000c2c, Size: 0x00000014, Max: 0xffffffff, ABSOLUTE)

    Exec Addr    Load Addr    Size         Type   Attr      Idx    E Section Name        Object

    0x20000000   0x08000c2c   0x00000014   Data   RW            1    DEFINTIONS_DATA     welcome.o


    Execution Region ER_ZI (Exec base: 0x20000018, Load base: 0x08000c40, Size: 0x00000600, Max: 0xffffffff, ABSOLUTE)

    Exec Addr    Load Addr    Size         Type   Attr      Idx    E Section Name        Object

    0x20000018        -       0x00000200   Zero   RW           49    HEAP                startup_stm32f10x_md.o
    0x20000218        -       0x00000400   Zero   RW           48    STACK               startup_stm32f10x_md.o


==============================================================================

Image component sizes


      Code (inc. data)   RO Data    RW Data    ZI Data      Debug   Object Name

        64         26        236          0       1536        800   startup_stm32f10x_md.o
       400          0          0          0          0       2852   system_stm32f10x.o
      2404         80          0         20          0       2664   welcome.o

    ----------------------------------------------------------------------
      2872        106        236         20       1536       6316   Object Totals
         0          0          0          0          0          0   (incl. Generated)
         4          0          0          0          0          0   (incl. Padding)

    ----------------------------------------------------------------------

      Code (inc. data)   RO Data    RW Data    ZI Data      Debug   Library Member Name

         6          0          0          0          0        152   heapauxi.o

    ----------------------------------------------------------------------
         8          0          0          0          0        152   Library Totals
         2          0          0          0          0          0   (incl. Padding)

    ----------------------------------------------------------------------

      Code (inc. data)   RO Data    RW Data    ZI Data      Debug   Library Name

         6          0          0          0          0        152   c_w.l

    ----------------------------------------------------------------------
         8          0          0          0          0        152   Library Totals

    ----------------------------------------------------------------------

==============================================================================


      Code (inc. data)   RO Data    RW Data    ZI Data      Debug   

      2880        106        236         20       1536       6312   Grand Totals
      2880        106        236         20       1536       6312   ELF Image Totals
      2880        106        236         20          0          0   ROM Totals

==============================================================================

    Total RO  Size (Code + RO Data)                 3116 (   3.04kB)
    Total RW  Size (RW Data + ZI Data)              1556 (   1.52kB)
    Total ROM Size (Code + RO Data + RW Data)       3136 (   3.06kB)

==============================================================================

