Component: Arm Compiler for Embedded 6.19 Tool: armlink [5e73cb00]

==============================================================================

Section Cross References

    welcome.o(BREAKOUT_CODE) refers to welcome.o(TFTCODE) for delay_100_MILLIsecond
    welcome.o(BREAKOUT_CODE) refers to welcome.o(DEFINTIONS_DATA) for did_move
    welcome.o(SPACE_INVADERS) refers to welcome.o(TFTCODE) for DRAW_RECTANGLE_FILLED
    welcome.o(SPACE_INVADERS) refers to welcome.o(DEFINTIONS_DATA) for SPACE_X
    welcome.o(WELCOME_CODE) refers to welcome.o(TFTCODE) for DRAW_RECTANGLE_FILLED
    welcome.o(WELCOME_CODE) refers to welcome.o(BREAKOUT_CODE) for main_Breakout
    breakout.o(BREAKOUT_CODE) refers to breakout.o(TFTCODE) for delay_100_MILLIsecond
    breakout.o(BREAKOUT_CODE) refers to breakout.o(DEFINTIONS_DATA) for did_move
    spaceinvaders.o(BREAKOUT_CODE) refers to spaceinvaders.o(TFTCODE) for delay_100_MILLIsecond
    spaceinvaders.o(BREAKOUT_CODE) refers to spaceinvaders.o(DEFINTIONS_DATA) for did_move
    spaceinvaders.o(SPACE_INVADERS) refers to spaceinvaders.o(TFTCODE) for DRAW_RECTANGLE_FILLED
    spaceinvaders.o(SPACE_INVADERS) refers to spaceinvaders.o(DEFINTIONS_DATA) for SPACE_X
    startup_stm32f10x_md.o(STACK) refers (Special) to heapauxi.o(.text) for __use_two_region_memory
    startup_stm32f10x_md.o(HEAP) refers (Special) to heapauxi.o(.text) for __use_two_region_memory
    startup_stm32f10x_md.o(RESET) refers (Special) to heapauxi.o(.text) for __use_two_region_memory
    startup_stm32f10x_md.o(RESET) refers to startup_stm32f10x_md.o(STACK) for __initial_sp
    startup_stm32f10x_md.o(RESET) refers to startup_stm32f10x_md.o(.text) for Reset_Handler
    startup_stm32f10x_md.o(.text) refers (Special) to heapauxi.o(.text) for __use_two_region_memory
    startup_stm32f10x_md.o(.text) refers to system_stm32f10x.o(.text.SystemInit) for SystemInit
    startup_stm32f10x_md.o(.text) refers to welcome.o(WELCOME_CODE) for __main
    startup_stm32f10x_md.o(.text) refers to startup_stm32f10x_md.o(HEAP) for Heap_Mem
    startup_stm32f10x_md.o(.text) refers to startup_stm32f10x_md.o(STACK) for Stack_Mem
    system_stm32f10x.o(.text.SystemInit) refers to system_stm32f10x.o(.text.SetSysClock) for SetSysClock
    system_stm32f10x.o(.ARM.exidx.text.SystemInit) refers to system_stm32f10x.o(.text.SystemInit) for [Anonymous Symbol]
    system_stm32f10x.o(.text.SetSysClock) refers to system_stm32f10x.o(.text.SetSysClockTo72) for SetSysClockTo72
    system_stm32f10x.o(.ARM.exidx.text.SetSysClock) refers to system_stm32f10x.o(.text.SetSysClock) for [Anonymous Symbol]
    system_stm32f10x.o(.text.SystemCoreClockUpdate) refers to system_stm32f10x.o(.data.SystemCoreClock) for SystemCoreClock
    system_stm32f10x.o(.text.SystemCoreClockUpdate) refers to system_stm32f10x.o(.rodata.AHBPrescTable) for AHBPrescTable
    system_stm32f10x.o(.ARM.exidx.text.SystemCoreClockUpdate) refers to system_stm32f10x.o(.text.SystemCoreClockUpdate) for [Anonymous Symbol]
    system_stm32f10x.o(.ARM.exidx.text.SetSysClockTo72) refers to system_stm32f10x.o(.text.SetSysClockTo72) for [Anonymous Symbol]


==============================================================================

Removing Unused input sections from the image.

    Removing welcome.o(SPACE_INVADERS), (1188 bytes).
    Removing breakout.o(DEFINTIONS_DATA), (320 bytes).
    Removing breakout.o(TFTCODE), (676 bytes).
    Removing breakout.o(BREAKOUT_CODE), (1060 bytes).
    Removing tft_lib.o(DEFINTIONS_DATA), (320 bytes).
    Removing tft_lib.o(TFTCODE), (676 bytes).
    Removing definitions.o(DEFINTIONS_DATA), (320 bytes).
    Removing spaceinvaders.o(DEFINTIONS_DATA), (320 bytes).
    Removing spaceinvaders.o(TFTCODE), (676 bytes).
    Removing spaceinvaders.o(BREAKOUT_CODE), (1060 bytes).
    Removing spaceinvaders.o(SPACE_INVADERS), (1188 bytes).
    Removing system_stm32f10x.o(.text), (0 bytes).
    Removing system_stm32f10x.o(.ARM.exidx.text.SystemInit), (8 bytes).
    Removing system_stm32f10x.o(.ARM.exidx.text.SetSysClock), (8 bytes).
    Removing system_stm32f10x.o(.text.SystemCoreClockUpdate), (290 bytes).
    Removing system_stm32f10x.o(.ARM.exidx.text.SystemCoreClockUpdate), (8 bytes).
    Removing system_stm32f10x.o(.ARM.exidx.text.SetSysClockTo72), (8 bytes).
    Removing system_stm32f10x.o(.data.SystemCoreClock), (4 bytes).
    Removing system_stm32f10x.o(.rodata.AHBPrescTable), (16 bytes).

19 unused section(s) (total 8146 bytes) removed from the image.

==============================================================================

Image Symbol Table

    Local Symbols

    Symbol Name                              Value     Ov Type        Size  Object(Section)

    ../clib/heapaux.c                        0x00000000   Number         0  heapauxi.o ABSOLUTE
    Breakout.s                               0x00000000   Number         0  breakout.o ABSOLUTE
    DEFINITIONS.s                            0x00000000   Number         0  definitions.o ABSOLUTE
    RTE/Device/STM32F103C8/startup_stm32f10x_md.s 0x00000000   Number         0  startup_stm32f10x_md.o ABSOLUTE
    SpaceInvaders.s                          0x00000000   Number         0  spaceinvaders.o ABSOLUTE
    TFT_Lib.s                                0x00000000   Number         0  tft_lib.o ABSOLUTE
    Welcome.s                                0x00000000   Number         0  welcome.o ABSOLUTE
    dc.s                                     0x00000000   Number         0  dc.o ABSOLUTE
    system_stm32f10x.c                       0x00000000   Number         0  system_stm32f10x.o ABSOLUTE
    RESET                                    0x08000000   Section      236  startup_stm32f10x_md.o(RESET)
    .text                                    0x080000ec   Section       64  startup_stm32f10x_md.o(.text)
    .text                                    0x0800012c   Section        0  heapauxi.o(.text)
    SetSysClock                              0x08000135   Thumb Code     8  system_stm32f10x.o(.text.SetSysClock)
    [Anonymous Symbol]                       0x08000134   Section        0  system_stm32f10x.o(.text.SetSysClock)
    SetSysClockTo72                          0x0800013d   Thumb Code   290  system_stm32f10x.o(.text.SetSysClockTo72)
    [Anonymous Symbol]                       0x0800013c   Section        0  system_stm32f10x.o(.text.SetSysClockTo72)
    [Anonymous Symbol]                       0x08000260   Section        0  system_stm32f10x.o(.text.SystemInit)
    main_Breakout                            0x080002c9   Thumb Code   434  welcome.o(BREAKOUT_CODE)
    BREAKOUT_CODE                            0x080002c8   Section     1060  welcome.o(BREAKOUT_CODE)
    DRAW_BLOCKS                              0x0800047b   Thumb Code    98  welcome.o(BREAKOUT_CODE)
    DRAW_BLOCK                               0x080004dd   Thumb Code    20  welcome.o(BREAKOUT_CODE)
    DEL_BLOCK                                0x080004f1   Thumb Code    16  welcome.o(BREAKOUT_CODE)
    Draw_Score_Board_Zero                    0x08000501   Thumb Code    64  welcome.o(BREAKOUT_CODE)
    DRAW_BALL                                0x08000541   Thumb Code    44  welcome.o(BREAKOUT_CODE)
    Draw_Platform                            0x0800056d   Thumb Code    30  welcome.o(BREAKOUT_CODE)
    MOVE_SPRITE_LEFT                         0x0800058b   Thumb Code    44  welcome.o(BREAKOUT_CODE)
    MOVE_SPRITE_RIGHT                        0x080005b7   Thumb Code    46  welcome.o(BREAKOUT_CODE)
    INITIALIZE_VARIABLES                     0x080005e5   Thumb Code   128  welcome.o(BREAKOUT_CODE)
    Draw_Border                              0x08000665   Thumb Code    76  welcome.o(BREAKOUT_CODE)
    DRAW_RECTANGLE_FILLED                    0x080006ed   Thumb Code    70  welcome.o(TFTCODE)
    TFTCODE                                  0x080006ec   Section      676  welcome.o(TFTCODE)
    LCD_WRITE                                0x08000733   Thumb Code    44  welcome.o(TFTCODE)
    LCD_COMMAND_WRITE                        0x0800075f   Thumb Code    44  welcome.o(TFTCODE)
    LCD_DATA_WRITE                           0x0800078b   Thumb Code    36  welcome.o(TFTCODE)
    LCD_INIT                                 0x080007b9   Thumb Code   222  welcome.o(TFTCODE)
    ADDRESS_SET                              0x08000897   Thumb Code    92  welcome.o(TFTCODE)
    delay_1_second                           0x08000937   Thumb Code    16  welcome.o(TFTCODE)
    delay_quarter_second                     0x08000957   Thumb Code    16  welcome.o(TFTCODE)
    delay_100_MILLIsecond                    0x08000979   Thumb Code    16  welcome.o(TFTCODE)
    WELCOME_CODE                             0x08000990   Section      228  welcome.o(WELCOME_CODE)
    SETUP                                    0x080009d1   Thumb Code    26  welcome.o(WELCOME_CODE)
    PORTA_CONF                               0x080009eb   Thumb Code   104  welcome.o(WELCOME_CODE)
    SPRITE_X                                 0x20000000   Data           2  welcome.o(DEFINTIONS_DATA)
    DEFINTIONS_DATA                          0x20000000   Section      320  welcome.o(DEFINTIONS_DATA)
    SPRITE_Y                                 0x20000002   Data           2  welcome.o(DEFINTIONS_DATA)
    ballX                                    0x20000004   Data           2  welcome.o(DEFINTIONS_DATA)
    ballY                                    0x20000006   Data           2  welcome.o(DEFINTIONS_DATA)
    ballVelX                                 0x20000008   Data           2  welcome.o(DEFINTIONS_DATA)
    ballVelY                                 0x2000000a   Data           2  welcome.o(DEFINTIONS_DATA)
    x_negative                               0x2000000c   Data           2  welcome.o(DEFINTIONS_DATA)
    y_negative                               0x2000000e   Data           2  welcome.o(DEFINTIONS_DATA)
    did_move                                 0x20000010   Data           2  welcome.o(DEFINTIONS_DATA)
    moving_down                              0x20000012   Data           2  welcome.o(DEFINTIONS_DATA)
    moving_right                             0x20000014   Data           2  welcome.o(DEFINTIONS_DATA)
    SPACE_X                                  0x20000016   Data           2  welcome.o(DEFINTIONS_DATA)
    SPACE_Y                                  0x20000018   Data           2  welcome.o(DEFINTIONS_DATA)
    BLOCK_ARMY_X                             0x20000026   Data          28  welcome.o(DEFINTIONS_DATA)
    BLOCK_ARMY_Y                             0x200000b2   Data          28  welcome.o(DEFINTIONS_DATA)
    breakout_score                           0x2000013e   Data           2  welcome.o(DEFINTIONS_DATA)
    Heap_Mem                                 0x20000140   Data         512  startup_stm32f10x_md.o(HEAP)
    HEAP                                     0x20000140   Section      512  startup_stm32f10x_md.o(HEAP)
    Stack_Mem                                0x20000340   Data        1024  startup_stm32f10x_md.o(STACK)
    STACK                                    0x20000340   Section     1024  startup_stm32f10x_md.o(STACK)
    __initial_sp                             0x20000740   Data           0  startup_stm32f10x_md.o(STACK)

    Global Symbols

    Symbol Name                              Value     Ov Type        Size  Object(Section)

    BuildAttributes$$THM_ISAv4$P$D$K$B$S$PE$A:L22UL41UL21$X:L11$S22US41US21$IEEE1$IW$~IW$USESV6$~STKCKD$USESV7$~SHL$OSPACE$ROPI$EBA8$STANDARDLIB$REQ8$EABIv2 0x00000000   Number         0  anon$$obj.o ABSOLUTE
    __Vectors_Size                           0x000000ec   Number         0  startup_stm32f10x_md.o ABSOLUTE
    __Vectors                                0x08000000   Data           4  startup_stm32f10x_md.o(RESET)
    Reset_Handler                            0x080000ed   Thumb Code     8  startup_stm32f10x_md.o(.text)
    __Vectors_End                            0x080000ec   Data           0  startup_stm32f10x_md.o(RESET)
    NMI_Handler                              0x080000f5   Thumb Code     2  startup_stm32f10x_md.o(.text)
    HardFault_Handler                        0x080000f7   Thumb Code     2  startup_stm32f10x_md.o(.text)
    MemManage_Handler                        0x080000f9   Thumb Code     2  startup_stm32f10x_md.o(.text)
    BusFault_Handler                         0x080000fb   Thumb Code     2  startup_stm32f10x_md.o(.text)
    UsageFault_Handler                       0x080000fd   Thumb Code     2  startup_stm32f10x_md.o(.text)
    SVC_Handler                              0x080000ff   Thumb Code     2  startup_stm32f10x_md.o(.text)
    DebugMon_Handler                         0x08000101   Thumb Code     2  startup_stm32f10x_md.o(.text)
    PendSV_Handler                           0x08000103   Thumb Code     2  startup_stm32f10x_md.o(.text)
    SysTick_Handler                          0x08000105   Thumb Code     2  startup_stm32f10x_md.o(.text)
    ADC1_2_IRQHandler                        0x08000107   Thumb Code     0  startup_stm32f10x_md.o(.text)
    CAN1_RX1_IRQHandler                      0x08000107   Thumb Code     0  startup_stm32f10x_md.o(.text)
    CAN1_SCE_IRQHandler                      0x08000107   Thumb Code     0  startup_stm32f10x_md.o(.text)
    DMA1_Channel1_IRQHandler                 0x08000107   Thumb Code     0  startup_stm32f10x_md.o(.text)
    DMA1_Channel2_IRQHandler                 0x08000107   Thumb Code     0  startup_stm32f10x_md.o(.text)
    DMA1_Channel3_IRQHandler                 0x08000107   Thumb Code     0  startup_stm32f10x_md.o(.text)
    DMA1_Channel4_IRQHandler                 0x08000107   Thumb Code     0  startup_stm32f10x_md.o(.text)
    DMA1_Channel5_IRQHandler                 0x08000107   Thumb Code     0  startup_stm32f10x_md.o(.text)
    DMA1_Channel6_IRQHandler                 0x08000107   Thumb Code     0  startup_stm32f10x_md.o(.text)
    DMA1_Channel7_IRQHandler                 0x08000107   Thumb Code     0  startup_stm32f10x_md.o(.text)
    EXTI0_IRQHandler                         0x08000107   Thumb Code     0  startup_stm32f10x_md.o(.text)
    EXTI15_10_IRQHandler                     0x08000107   Thumb Code     0  startup_stm32f10x_md.o(.text)
    EXTI1_IRQHandler                         0x08000107   Thumb Code     0  startup_stm32f10x_md.o(.text)
    EXTI2_IRQHandler                         0x08000107   Thumb Code     0  startup_stm32f10x_md.o(.text)
    EXTI3_IRQHandler                         0x08000107   Thumb Code     0  startup_stm32f10x_md.o(.text)
    EXTI4_IRQHandler                         0x08000107   Thumb Code     0  startup_stm32f10x_md.o(.text)
    EXTI9_5_IRQHandler                       0x08000107   Thumb Code     0  startup_stm32f10x_md.o(.text)
    FLASH_IRQHandler                         0x08000107   Thumb Code     0  startup_stm32f10x_md.o(.text)
    I2C1_ER_IRQHandler                       0x08000107   Thumb Code     0  startup_stm32f10x_md.o(.text)
    I2C1_EV_IRQHandler                       0x08000107   Thumb Code     0  startup_stm32f10x_md.o(.text)
    I2C2_ER_IRQHandler                       0x08000107   Thumb Code     0  startup_stm32f10x_md.o(.text)
    I2C2_EV_IRQHandler                       0x08000107   Thumb Code     0  startup_stm32f10x_md.o(.text)
    PVD_IRQHandler                           0x08000107   Thumb Code     0  startup_stm32f10x_md.o(.text)
    RCC_IRQHandler                           0x08000107   Thumb Code     0  startup_stm32f10x_md.o(.text)
    RTCAlarm_IRQHandler                      0x08000107   Thumb Code     0  startup_stm32f10x_md.o(.text)
    RTC_IRQHandler                           0x08000107   Thumb Code     0  startup_stm32f10x_md.o(.text)
    SPI1_IRQHandler                          0x08000107   Thumb Code     0  startup_stm32f10x_md.o(.text)
    SPI2_IRQHandler                          0x08000107   Thumb Code     0  startup_stm32f10x_md.o(.text)
    TAMPER_IRQHandler                        0x08000107   Thumb Code     0  startup_stm32f10x_md.o(.text)
    TIM1_BRK_IRQHandler                      0x08000107   Thumb Code     0  startup_stm32f10x_md.o(.text)
    TIM1_CC_IRQHandler                       0x08000107   Thumb Code     0  startup_stm32f10x_md.o(.text)
    TIM1_TRG_COM_IRQHandler                  0x08000107   Thumb Code     0  startup_stm32f10x_md.o(.text)
    TIM1_UP_IRQHandler                       0x08000107   Thumb Code     0  startup_stm32f10x_md.o(.text)
    TIM2_IRQHandler                          0x08000107   Thumb Code     0  startup_stm32f10x_md.o(.text)
    TIM3_IRQHandler                          0x08000107   Thumb Code     0  startup_stm32f10x_md.o(.text)
    TIM4_IRQHandler                          0x08000107   Thumb Code     0  startup_stm32f10x_md.o(.text)
    USART1_IRQHandler                        0x08000107   Thumb Code     0  startup_stm32f10x_md.o(.text)
    USART2_IRQHandler                        0x08000107   Thumb Code     0  startup_stm32f10x_md.o(.text)
    USART3_IRQHandler                        0x08000107   Thumb Code     0  startup_stm32f10x_md.o(.text)
    USBWakeUp_IRQHandler                     0x08000107   Thumb Code     0  startup_stm32f10x_md.o(.text)
    USB_HP_CAN1_TX_IRQHandler                0x08000107   Thumb Code     0  startup_stm32f10x_md.o(.text)
    USB_LP_CAN1_RX0_IRQHandler               0x08000107   Thumb Code     0  startup_stm32f10x_md.o(.text)
    WWDG_IRQHandler                          0x08000107   Thumb Code     0  startup_stm32f10x_md.o(.text)
    __user_initial_stackheap                 0x08000109   Thumb Code     0  startup_stm32f10x_md.o(.text)
    __use_two_region_memory                  0x0800012d   Thumb Code     2  heapauxi.o(.text)
    __rt_heap_escrow$2region                 0x0800012f   Thumb Code     2  heapauxi.o(.text)
    __rt_heap_expand$2region                 0x08000131   Thumb Code     2  heapauxi.o(.text)
    SystemInit                               0x08000261   Thumb Code   102  system_stm32f10x.o(.text.SystemInit)
    __main                                   0x08000991   Thumb Code    64  welcome.o(WELCOME_CODE)



==============================================================================

Memory Map of the image

  Image Entry point : 0x080000ed

  Load Region LR_1 (Base: 0x08000000, Size: 0x00000bb4, Max: 0xffffffff, ABSOLUTE)

    Execution Region ER_RO (Exec base: 0x08000000, Load base: 0x08000000, Size: 0x00000a74, Max: 0xffffffff, ABSOLUTE)

    Exec Addr    Load Addr    Size         Type   Attr      Idx    E Section Name        Object

    0x08000000   0x08000000   0x000000ec   Data   RO           50    RESET               startup_stm32f10x_md.o
    0x080000ec   0x080000ec   0x00000040   Code   RO           51  * .text               startup_stm32f10x_md.o
    0x0800012c   0x0800012c   0x00000006   Code   RO           74    .text               c_w.l(heapauxi.o)
    0x08000132   0x08000132   0x00000002   PAD
    0x08000134   0x08000134   0x00000008   Code   RO           58    .text.SetSysClock   system_stm32f10x.o
    0x0800013c   0x0800013c   0x00000122   Code   RO           62    .text.SetSysClockTo72  system_stm32f10x.o
    0x0800025e   0x0800025e   0x00000002   PAD
    0x08000260   0x08000260   0x00000066   Code   RO           56    .text.SystemInit    system_stm32f10x.o
    0x080002c6   0x080002c6   0x00000002   PAD
    0x080002c8   0x080002c8   0x00000424   Code   RO            3    BREAKOUT_CODE       welcome.o
    0x080006ec   0x080006ec   0x000002a4   Code   RO            2    TFTCODE             welcome.o
    0x08000990   0x08000990   0x000000e4   Code   RO            5  * WELCOME_CODE        welcome.o


    Execution Region ER_RW (Exec base: 0x20000000, Load base: 0x08000a74, Size: 0x00000140, Max: 0xffffffff, ABSOLUTE)

    Exec Addr    Load Addr    Size         Type   Attr      Idx    E Section Name        Object

    0x20000000   0x08000a74   0x00000140   Data   RW            1    DEFINTIONS_DATA     welcome.o


    Execution Region ER_ZI (Exec base: 0x20000140, Load base: 0x08000bb4, Size: 0x00000600, Max: 0xffffffff, ABSOLUTE)

    Exec Addr    Load Addr    Size         Type   Attr      Idx    E Section Name        Object

    0x20000140        -       0x00000200   Zero   RW           49    HEAP                startup_stm32f10x_md.o
    0x20000340        -       0x00000400   Zero   RW           48    STACK               startup_stm32f10x_md.o


==============================================================================

Image component sizes


      Code (inc. data)   RO Data    RW Data    ZI Data      Debug   Object Name

        64         26        236          0       1536        844   startup_stm32f10x_md.o
       400          0          0          0          0       2920   system_stm32f10x.o
      1964        110          0        320          0       2668   welcome.o

    ----------------------------------------------------------------------
      2432        136        236        320       1536       6432   Object Totals
         0          0          0          0          0          0   (incl. Generated)
         4          0          0          0          0          0   (incl. Padding)

    ----------------------------------------------------------------------

      Code (inc. data)   RO Data    RW Data    ZI Data      Debug   Library Member Name

         6          0          0          0          0        152   heapauxi.o

    ----------------------------------------------------------------------
         8          0          0          0          0        152   Library Totals
         2          0          0          0          0          0   (incl. Padding)

    ----------------------------------------------------------------------

      Code (inc. data)   RO Data    RW Data    ZI Data      Debug   Library Name

         6          0          0          0          0        152   c_w.l

    ----------------------------------------------------------------------
         8          0          0          0          0        152   Library Totals

    ----------------------------------------------------------------------

==============================================================================


      Code (inc. data)   RO Data    RW Data    ZI Data      Debug   

      2440        136        236        320       1536       6428   Grand Totals
      2440        136        236        320       1536       6428   ELF Image Totals
      2440        136        236        320          0          0   ROM Totals

==============================================================================

    Total RO  Size (Code + RO Data)                 2676 (   2.61kB)
    Total RW  Size (RW Data + ZI Data)              1856 (   1.81kB)
    Total ROM Size (Code + RO Data + RW Data)       2996 (   2.93kB)

==============================================================================

